my
first
array
1
2
3
4
5
6
7
8
9
10
2
4
6
8
10
12
14
16
18
20
found
null
found2
null
200
null
false
false
100
false
false
true
99
true
10
0
2
3
4
5
6
7
8
9
10
true
4
7
8
9
10
8
10
true
0
