b > a 1
b > a 2
!(a > b)
a < b
a == 5
a == 5 2
a >= 5 && b <= 6 && (a > 7 || b < 7)
a > 10 && b < 6 || true
