15.000000000
18.000000000
5.000000000
2.000000000
20.000000000
32.000000000
1.250000000
2.000000000
-1.250000000
-2.000000000
2.358495283
-1.250000000
-2.000000000
10.000000000
5.000000000
20.000000000
5.000000000
140.000000000
false
false
true
false
true
false
25
this should be printed
null
Hello Sporty your number is: 50
250
25
dynamic value
null
randomProp
random value
test2
should not assign
random value
null
this is read only
this is read only
null
