main
funcA
funcB
printStackNames
main
funcAR
funcAR
funcAR
funcAR
funcAR
funcAR
printStackNames
