##/??
##/??.ms
##/??.mbc
##/??/index.ms
##/??/index.mbc
$$/mel_seeds/??.ms
$$/mel_seeds/??.mbc
$$/mel_seeds/??/index.ms
$$/mel_seeds/??/index.mbc
$$/mel_seeds/??
??
Should only print once!
Cool Module!
Cool Module!
This is a side-effect
This is a side-effect
fixtures/vm/language/modules/module_obj.ms
Submodule found
Number of cached modules:
3
fixtures/vm/language/modules/64/module_obj.mbc
Submodule found
Importing: modules/test_module
Should only print once!
Importing: modules/test_module
