[Object]
[Object]
[Object]
6832
6832
Lorem ipsum dolor sit amet, consectetuer adipiscin
g elit. Aenean commodo ligula eget dolor. Aenean m
Lorem ipsum dolor sit amet, consectetuer adipiscin
isi. Donec mi odio, faucibus at, scelerisque quis,
true
isi. Donec mi odio, faucibus at, scelerisque quis,
false
This is my string this is another string
Mutiple prints 5 [Object] true
