1
2
1
3
4
2
1
2
3
4
test string
null
3
null
[Object]
T
h
i
s
 
i
s
 
a
 
s
t
r
i
n
g
The Value Is: 1
The Value Is: 2
The Value Is: 3
The Value Is: 4
