50000000000.000000000
0.000050000
5456.000000000
null
150
150.000000000
150.000000000
