true
true
15.600000000
[Object]
true
yes
another prop
[Closure myNestedFunc]
true
test int key 0
test int key 1
null
null
test object key 1
test object key 2
null
the value
the other value
external value
true
false
false
true
false
false
true
true
false
true
false
false
aString
true
false
aString
false
a test
a test
false
new prop
null
true
0
true
2
a test string
true
2
another test string
[Object]
true
null
true
another test
yet another test
