.
.
.
test
.
test.ext
/
test.ext
/
/
.
..
very/long/relative/path/to
file.ext
fixtures/vm/language
path
