Walking Fido
Hey Tester, this is Fido!
Woof!!
Woof!!
Walking Shishi
Hey Tester, this is Shishi!
Woof with pride!!
Woof with pride!!
true
false
true
true
null
null
