false
true
true
false
false
true
correct
if correct
true
