97
115
100
33
!dsa
Hash matched.
A
null
10
0
20
null
This is a correct string
This is a correct string
This is a test string
This is a test string
Those are some test string
This is a test string
Thizz izz a tezzt zztring
This is a string
true
true
true



UPPER CASE
lower case
Capitalize case
''
''
''
'asdas'
