[Symbol]
[Symbol "my symbol"]
true
true
false
false
false
true
the value of key a
the value of key b
null
another value of key a
