first
first
second
first
second
null
3
null
1
1
2
3
4
null
null
null
a
b
null
a
b
varg
varg
varg
a
b
varg1
varg2
varg3
varg4
15
15
